Component: Arm Compiler for Embedded 6.19 Tool: armlink [5e73cb00]

==============================================================================

Section Cross References

    startup.o(STACK) refers (Special) to heapauxi.o(.text) for __use_two_region_memory
    startup.o(HEAP) refers (Special) to heapauxi.o(.text) for __use_two_region_memory
    startup.o(RESET) refers (Special) to heapauxi.o(.text) for __use_two_region_memory
    startup.o(RESET) refers to startup.o(STACK) for StackMem
    startup.o(RESET) refers to __main.o(!!!main) for __main
    startup.o(.text) refers (Special) to heapauxi.o(.text) for __use_two_region_memory
    startup.o(.text) refers to startup.o(HEAP) for HeapMem
    startup.o(.text) refers to startup.o(STACK) for StackMem
    main.o(.text.main) refers to main.o(.text.System_Init) for System_Init
    main.o(.text.main) refers to main.o(.bss.moveChoices) for moveChoices
    main.o(.text.main) refers to main.o(.text.InvalidInput) for InvalidInput
    main.o(.text.main) refers to move.o(.text.MoveForward) for MoveForward
    main.o(.text.main) refers to move.o(.text.MoveBackward) for MoveBackward
    main.o(.text.main) refers to move.o(.text.MoveLeftTurn) for MoveLeftTurn
    main.o(.text.main) refers to move.o(.text.MoveRightTurn) for MoveRightTurn
    main.o(.text.main) refers to move.o(.text.MoveStop) for MoveStop
    main.o(.text.main) refers to motors.o(.text.IncrementSpeed) for IncrementSpeed
    main.o(.text.main) refers to motors.o(.text.DecrementSpeed) for DecrementSpeed
    main.o(.text.main) refers to bluetooth.o(.text.UART1_InChar) for UART1_InChar
    main.o(.text.main) refers to tolower.o(.text) for tolower
    main.o(.ARM.exidx.text.main) refers to main.o(.text.main) for [Anonymous Symbol]
    main.o(.text.System_Init) refers to pll.o(.text.PLL_Init) for PLL_Init
    main.o(.text.System_Init) refers to led.o(.text.LED_Init) for LED_Init
    main.o(.text.System_Init) refers to motors.o(.text.Motors_Init) for Motors_Init
    main.o(.text.System_Init) refers to bluetooth.o(.text.Bluetooth_Init) for Bluetooth_Init
    main.o(.ARM.exidx.text.System_Init) refers to main.o(.text.System_Init) for [Anonymous Symbol]
    main.o(.ARM.exidx.text.InvalidInput) refers to main.o(.text.InvalidInput) for [Anonymous Symbol]
    motors.o(.text.Motors_Init) refers to motors.o(.bss.currDuty) for currDuty
    motors.o(.text.Motors_Init) refers to motors.o(.text.RightMotor_Init) for RightMotor_Init
    motors.o(.text.Motors_Init) refers to motors.o(.text.LeftMotor_Init) for LeftMotor_Init
    motors.o(.text.Motors_Init) refers to motors.o(.text.MotorDirection_Init) for MotorDirection_Init
    motors.o(.ARM.exidx.text.Motors_Init) refers to motors.o(.text.Motors_Init) for [Anonymous Symbol]
    motors.o(.ARM.exidx.text.RightMotor_Init) refers to motors.o(.text.RightMotor_Init) for [Anonymous Symbol]
    motors.o(.ARM.exidx.text.LeftMotor_Init) refers to motors.o(.text.LeftMotor_Init) for [Anonymous Symbol]
    motors.o(.ARM.exidx.text.MotorDirection_Init) refers to motors.o(.text.MotorDirection_Init) for [Anonymous Symbol]
    motors.o(.ARM.exidx.text.PWM_Duty) refers to motors.o(.text.PWM_Duty) for [Anonymous Symbol]
    motors.o(.text.GetCurrDuty) refers to motors.o(.bss.currDuty) for currDuty
    motors.o(.ARM.exidx.text.GetCurrDuty) refers to motors.o(.text.GetCurrDuty) for [Anonymous Symbol]
    motors.o(.text.IncrementSpeed) refers to motors.o(.bss.currDuty) for currDuty
    motors.o(.text.IncrementSpeed) refers to dfltll_clz.o(x$fpl$dfltull) for __aeabi_ul2d
    motors.o(.text.IncrementSpeed) refers to daddsub_clz.o(x$fpl$dadd) for __aeabi_dadd
    motors.o(.text.IncrementSpeed) refers to dcmp.o(x$fpl$fcmp) for __aeabi_dcmpge
    motors.o(.text.IncrementSpeed) refers to dfixull.o(x$fpl$llufromd) for __aeabi_d2ulz
    motors.o(.text.IncrementSpeed) refers to motors.o(.text.PWM_Duty) for PWM_Duty
    motors.o(.ARM.exidx.text.IncrementSpeed) refers to motors.o(.text.IncrementSpeed) for [Anonymous Symbol]
    motors.o(.text.DecrementSpeed) refers to motors.o(.bss.currDuty) for currDuty
    motors.o(.text.DecrementSpeed) refers to dfltll_clz.o(x$fpl$dfltull) for __aeabi_ul2d
    motors.o(.text.DecrementSpeed) refers to daddsub_clz.o(x$fpl$dadd) for __aeabi_dadd
    motors.o(.text.DecrementSpeed) refers to dcmp.o(x$fpl$fcmp) for __aeabi_dcmple
    motors.o(.text.DecrementSpeed) refers to dfixull.o(x$fpl$llufromd) for __aeabi_d2ulz
    motors.o(.text.DecrementSpeed) refers to motors.o(.text.PWM_Duty) for PWM_Duty
    motors.o(.ARM.exidx.text.DecrementSpeed) refers to motors.o(.text.DecrementSpeed) for [Anonymous Symbol]
    pll.o(.ARM.exidx.text.PLL_Init) refers to pll.o(.text.PLL_Init) for [Anonymous Symbol]
    led.o(.ARM.exidx.text.LED_Init) refers to led.o(.text.LED_Init) for [Anonymous Symbol]
    move.o(.ARM.exidx.text.MoveForward) refers to move.o(.text.MoveForward) for [Anonymous Symbol]
    move.o(.ARM.exidx.text.MoveBackward) refers to move.o(.text.MoveBackward) for [Anonymous Symbol]
    move.o(.ARM.exidx.text.MoveLeftPivot) refers to move.o(.text.MoveLeftPivot) for [Anonymous Symbol]
    move.o(.ARM.exidx.text.MoveRightPivot) refers to move.o(.text.MoveRightPivot) for [Anonymous Symbol]
    move.o(.ARM.exidx.text.MoveLeftTurn) refers to move.o(.text.MoveLeftTurn) for [Anonymous Symbol]
    move.o(.ARM.exidx.text.MoveRightTurn) refers to move.o(.text.MoveRightTurn) for [Anonymous Symbol]
    move.o(.ARM.exidx.text.MoveLeftBackTurn) refers to move.o(.text.MoveLeftBackTurn) for [Anonymous Symbol]
    move.o(.ARM.exidx.text.MoveRightBackTurn) refers to move.o(.text.MoveRightBackTurn) for [Anonymous Symbol]
    move.o(.ARM.exidx.text.MoveStop) refers to move.o(.text.MoveStop) for [Anonymous Symbol]
    bluetooth.o(.text.Bluetooth_Init) refers to bluetooth.o(.text.UART0_Init) for UART0_Init
    bluetooth.o(.text.Bluetooth_Init) refers to bluetooth.o(.text.UART1_Init) for UART1_Init
    bluetooth.o(.ARM.exidx.text.Bluetooth_Init) refers to bluetooth.o(.text.Bluetooth_Init) for [Anonymous Symbol]
    bluetooth.o(.ARM.exidx.text.UART0_Init) refers to bluetooth.o(.text.UART0_Init) for [Anonymous Symbol]
    bluetooth.o(.ARM.exidx.text.UART1_Init) refers to bluetooth.o(.text.UART1_Init) for [Anonymous Symbol]
    bluetooth.o(.ARM.exidx.text.UART0_OutChar) refers to bluetooth.o(.text.UART0_OutChar) for [Anonymous Symbol]
    bluetooth.o(.ARM.exidx.text.UART0_OutString) refers to bluetooth.o(.text.UART0_OutString) for [Anonymous Symbol]
    bluetooth.o(.ARM.exidx.text.UART1_InChar) refers to bluetooth.o(.text.UART1_InChar) for [Anonymous Symbol]
    bluetooth.o(.ARM.exidx.text.BLT_InString) refers to bluetooth.o(.text.BLT_InString) for [Anonymous Symbol]
    tolower.o(.text) refers to rt_ctype_table.o(.text) for __rt_ctype_table
    __main.o(!!!main) refers to __rtentry.o(.ARM.Collect$$rtentry$$00000000) for __rt_entry
    daddsub_clz.o(x$fpl$dadd) refers (Special) to usenofp.o(x$fpl$usenofp) for __I$use$fp
    daddsub_clz.o(x$fpl$dadd) refers to daddsub_clz.o(x$fpl$dsub) for _dsub1
    daddsub_clz.o(x$fpl$dadd) refers to dretinf.o(x$fpl$dretinf) for __fpl_dretinf
    daddsub_clz.o(x$fpl$dadd) refers to dnaninf.o(x$fpl$dnaninf) for __fpl_dnaninf
    daddsub_clz.o(x$fpl$drsb) refers (Special) to usenofp.o(x$fpl$usenofp) for __I$use$fp
    daddsub_clz.o(x$fpl$drsb) refers to daddsub_clz.o(x$fpl$dadd) for _dadd1
    daddsub_clz.o(x$fpl$drsb) refers to daddsub_clz.o(x$fpl$dsub) for _dsub1
    daddsub_clz.o(x$fpl$dsub) refers (Special) to usenofp.o(x$fpl$usenofp) for __I$use$fp
    daddsub_clz.o(x$fpl$dsub) refers to daddsub_clz.o(x$fpl$dadd) for _dadd1
    daddsub_clz.o(x$fpl$dsub) refers to dnaninf.o(x$fpl$dnaninf) for __fpl_dnaninf
    dcmp.o(x$fpl$fcmp) refers (Special) to usenofp.o(x$fpl$usenofp) for __I$use$fp
    dcmp.o(x$fpl$fcmp) refers to deqf.o(x$fpl$deqf) for _dcmpeq
    dcmp.o(x$fpl$fcmp) refers to dgeqf.o(x$fpl$dgeqf) for _dcmpge
    dcmp.o(x$fpl$fcmp) refers to dleqf.o(x$fpl$dleqf) for _dcmple
    dfixull.o(x$fpl$llufromd) refers (Special) to usenofp.o(x$fpl$usenofp) for __I$use$fp
    dfixull.o(x$fpl$llufromd) refers to dnaninf.o(x$fpl$dnaninf) for __fpl_dnaninf
    dfixull.o(x$fpl$llufromdr) refers (Special) to usenofp.o(x$fpl$usenofp) for __I$use$fp
    dfixull.o(x$fpl$llufromdr) refers to dnaninf.o(x$fpl$dnaninf) for __fpl_dnaninf
    dfltll_clz.o(x$fpl$dfltll) refers (Special) to usenofp.o(x$fpl$usenofp) for __I$use$fp
    dfltll_clz.o(x$fpl$dfltull) refers (Special) to usenofp.o(x$fpl$usenofp) for __I$use$fp
    __rtentry.o(.ARM.Collect$$rtentry$$00000000) refers (Special) to __rtentry2.o(.ARM.Collect$$rtentry$$0000000A) for __rt_entry_li
    __rtentry.o(.ARM.Collect$$rtentry$$00000000) refers (Special) to __rtentry2.o(.ARM.Collect$$rtentry$$0000000D) for __rt_entry_main
    __rtentry.o(.ARM.Collect$$rtentry$$00000000) refers (Special) to __rtentry2.o(.ARM.Collect$$rtentry$$0000000C) for __rt_entry_postli_1
    __rtentry.o(.ARM.Collect$$rtentry$$00000000) refers (Special) to __rtentry2.o(.ARM.Collect$$rtentry$$00000009) for __rt_entry_postsh_1
    __rtentry.o(.ARM.Collect$$rtentry$$00000000) refers (Special) to __rtentry2.o(.ARM.Collect$$rtentry$$00000002) for __rt_entry_presh_1
    __rtentry.o(.ARM.Collect$$rtentry$$00000000) refers (Special) to __rtentry4.o(.ARM.Collect$$rtentry$$00000004) for __rt_entry_sh
    rt_ctype_table.o(.text) refers to rt_locale_intlibspace.o(.text) for __rt_locale
    rt_ctype_table.o(.text) refers to lc_ctype_c.o(locale$$code) for _get_lc_ctype
    deqf.o(x$fpl$deqf) refers (Special) to usenofp.o(x$fpl$usenofp) for __I$use$fp
    deqf.o(x$fpl$deqf) refers to dnaninf.o(x$fpl$dnaninf) for __fpl_dnaninf
    deqf.o(x$fpl$deqf) refers to dcmpi.o(x$fpl$dcmpinf) for __fpl_dcmp_Inf
    dgeqf.o(x$fpl$dgeqf) refers (Special) to usenofp.o(x$fpl$usenofp) for __I$use$fp
    dgeqf.o(x$fpl$dgeqf) refers to dnaninf.o(x$fpl$dnaninf) for __fpl_dnaninf
    dgeqf.o(x$fpl$dgeqf) refers to dcmpi.o(x$fpl$dcmpinf) for __fpl_dcmp_Inf
    dleqf.o(x$fpl$dleqf) refers (Special) to usenofp.o(x$fpl$usenofp) for __I$use$fp
    dleqf.o(x$fpl$dleqf) refers to dnaninf.o(x$fpl$dnaninf) for __fpl_dnaninf
    dleqf.o(x$fpl$dleqf) refers to dcmpi.o(x$fpl$dcmpinf) for __fpl_dcmp_Inf
    dnaninf.o(x$fpl$dnaninf) refers (Special) to usenofp.o(x$fpl$usenofp) for __I$use$fp
    dretinf.o(x$fpl$dretinf) refers (Special) to usenofp.o(x$fpl$usenofp) for __I$use$fp
    __rtentry2.o(.ARM.Collect$$rtentry$$00000008) refers to boardinit2.o(.text) for _platform_post_stackheap_init
    __rtentry2.o(.ARM.Collect$$rtentry$$0000000A) refers to libinit.o(.ARM.Collect$$libinit$$00000000) for __rt_lib_init
    __rtentry2.o(.ARM.Collect$$rtentry$$0000000B) refers to boardinit3.o(.text) for _platform_post_lib_init
    __rtentry2.o(.ARM.Collect$$rtentry$$0000000D) refers to main.o(.text.main) for main
    __rtentry2.o(.ARM.Collect$$rtentry$$0000000D) refers to exit.o(.text) for exit
    __rtentry2.o(.ARM.exidx) refers to __rtentry2.o(.ARM.Collect$$rtentry$$00000001) for .ARM.Collect$$rtentry$$00000001
    __rtentry2.o(.ARM.exidx) refers to __rtentry2.o(.ARM.Collect$$rtentry$$00000008) for .ARM.Collect$$rtentry$$00000008
    __rtentry2.o(.ARM.exidx) refers to __rtentry2.o(.ARM.Collect$$rtentry$$0000000A) for .ARM.Collect$$rtentry$$0000000A
    __rtentry2.o(.ARM.exidx) refers to __rtentry2.o(.ARM.Collect$$rtentry$$0000000B) for .ARM.Collect$$rtentry$$0000000B
    __rtentry2.o(.ARM.exidx) refers to __rtentry2.o(.ARM.Collect$$rtentry$$0000000D) for .ARM.Collect$$rtentry$$0000000D
    __rtentry4.o(.ARM.Collect$$rtentry$$00000004) refers to sys_stackheap_outer.o(.text) for __user_setup_stackheap
    __rtentry4.o(.ARM.exidx) refers to __rtentry4.o(.ARM.Collect$$rtentry$$00000004) for .ARM.Collect$$rtentry$$00000004
    rt_locale.o(.text) refers to rt_locale.o(.bss) for __rt_locale_data
    rt_locale_intlibspace.o(.text) refers to libspace.o(.bss) for __libspace_start
    lc_ctype_c.o(locale$$data) refers (Special) to libinit2.o(.ARM.Collect$$libinit$$00000014) for __rt_lib_init_lc_ctype_2
    lc_ctype_c.o(locale$$code) refers (Special) to libinit2.o(.ARM.Collect$$libinit$$00000014) for __rt_lib_init_lc_ctype_2
    lc_ctype_c.o(locale$$code) refers to strcmpv7em.o(.text) for strcmp
    lc_ctype_c.o(locale$$code) refers to lc_ctype_c.o(locale$$data) for __lcctype_c_name
    dcmpi.o(x$fpl$dcmpinf) refers (Special) to usenofp.o(x$fpl$usenofp) for __I$use$fp
    libspace.o(.text) refers to libspace.o(.bss) for __libspace_start
    sys_stackheap_outer.o(.text) refers to libspace.o(.text) for __user_perproc_libspace
    sys_stackheap_outer.o(.text) refers to startup.o(.text) for __user_initial_stackheap
    exit.o(.text) refers to rtexit.o(.ARM.Collect$$rtexit$$00000000) for __rt_exit
    libinit.o(.ARM.Collect$$libinit$$00000000) refers (Special) to libinit2.o(.ARM.Collect$$libinit$$00000030) for __rt_lib_init_alloca_1
    libinit.o(.ARM.Collect$$libinit$$00000000) refers (Special) to libinit2.o(.ARM.Collect$$libinit$$0000002E) for __rt_lib_init_argv_1
    libinit.o(.ARM.Collect$$libinit$$00000000) refers (Special) to libinit2.o(.ARM.Collect$$libinit$$0000001D) for __rt_lib_init_atexit_1
    libinit.o(.ARM.Collect$$libinit$$00000000) refers (Special) to libinit2.o(.ARM.Collect$$libinit$$00000023) for __rt_lib_init_clock_1
    libinit.o(.ARM.Collect$$libinit$$00000000) refers (Special) to libinit2.o(.ARM.Collect$$libinit$$00000034) for __rt_lib_init_cpp_1
    libinit.o(.ARM.Collect$$libinit$$00000000) refers (Special) to libinit2.o(.ARM.Collect$$libinit$$00000032) for __rt_lib_init_exceptions_1
    libinit.o(.ARM.Collect$$libinit$$00000000) refers (Special) to libinit2.o(.ARM.Collect$$libinit$$00000002) for __rt_lib_init_fp_1
    libinit.o(.ARM.Collect$$libinit$$00000000) refers (Special) to libinit2.o(.ARM.Collect$$libinit$$00000021) for __rt_lib_init_fp_trap_1
    libinit.o(.ARM.Collect$$libinit$$00000000) refers (Special) to libinit2.o(.ARM.Collect$$libinit$$00000025) for __rt_lib_init_getenv_1
    libinit.o(.ARM.Collect$$libinit$$00000000) refers (Special) to libinit2.o(.ARM.Collect$$libinit$$0000000C) for __rt_lib_init_heap_1
    libinit.o(.ARM.Collect$$libinit$$00000000) refers (Special) to libinit2.o(.ARM.Collect$$libinit$$00000013) for __rt_lib_init_lc_collate_1
    libinit.o(.ARM.Collect$$libinit$$00000000) refers (Special) to libinit2.o(.ARM.Collect$$libinit$$00000015) for __rt_lib_init_lc_ctype_1
    libinit.o(.ARM.Collect$$libinit$$00000000) refers (Special) to libinit2.o(.ARM.Collect$$libinit$$00000017) for __rt_lib_init_lc_monetary_1
    libinit.o(.ARM.Collect$$libinit$$00000000) refers (Special) to libinit2.o(.ARM.Collect$$libinit$$00000019) for __rt_lib_init_lc_numeric_1
    libinit.o(.ARM.Collect$$libinit$$00000000) refers (Special) to libinit2.o(.ARM.Collect$$libinit$$0000001B) for __rt_lib_init_lc_time_1
    libinit.o(.ARM.Collect$$libinit$$00000000) refers (Special) to libinit2.o(.ARM.Collect$$libinit$$00000006) for __rt_lib_init_preinit_1
    libinit.o(.ARM.Collect$$libinit$$00000000) refers (Special) to libinit2.o(.ARM.Collect$$libinit$$00000010) for __rt_lib_init_rand_1
    libinit.o(.ARM.Collect$$libinit$$00000000) refers (Special) to libinit2.o(.ARM.Collect$$libinit$$00000004) for __rt_lib_init_relocate_pie_1
    libinit.o(.ARM.Collect$$libinit$$00000000) refers (Special) to libinit2.o(.ARM.Collect$$libinit$$00000035) for __rt_lib_init_return
    libinit.o(.ARM.Collect$$libinit$$00000000) refers (Special) to libinit2.o(.ARM.Collect$$libinit$$0000001F) for __rt_lib_init_signal_1
    libinit.o(.ARM.Collect$$libinit$$00000000) refers (Special) to libinit2.o(.ARM.Collect$$libinit$$00000027) for __rt_lib_init_stdio_1
    libinit.o(.ARM.Collect$$libinit$$00000000) refers (Special) to libinit2.o(.ARM.Collect$$libinit$$0000000E) for __rt_lib_init_user_alloc_1
    libinit2.o(.ARM.Collect$$libinit$$00000011) refers (Weak) to rt_locale_intlibspace.o(.text) for __rt_locale
    libinit2.o(.ARM.Collect$$libinit$$00000012) refers to libinit2.o(.ARM.Collect$$libinit$$00000011) for .ARM.Collect$$libinit$$00000011
    libinit2.o(.ARM.Collect$$libinit$$00000014) refers to libinit2.o(.ARM.Collect$$libinit$$00000011) for .ARM.Collect$$libinit$$00000011
    libinit2.o(.ARM.Collect$$libinit$$00000014) refers (Weak) to lc_ctype_c.o(locale$$code) for _get_lc_ctype
    libinit2.o(.ARM.Collect$$libinit$$00000016) refers to libinit2.o(.ARM.Collect$$libinit$$00000011) for .ARM.Collect$$libinit$$00000011
    libinit2.o(.ARM.Collect$$libinit$$00000018) refers to libinit2.o(.ARM.Collect$$libinit$$00000011) for .ARM.Collect$$libinit$$00000011
    libinit2.o(.ARM.Collect$$libinit$$0000001A) refers to libinit2.o(.ARM.Collect$$libinit$$00000011) for .ARM.Collect$$libinit$$00000011
    libinit2.o(.ARM.Collect$$libinit$$00000028) refers to argv_veneer.o(.emb_text) for __ARM_argv_veneer
    libinit2.o(.ARM.Collect$$libinit$$00000029) refers to argv_veneer.o(.emb_text) for __ARM_argv_veneer
    rtexit.o(.ARM.Collect$$rtexit$$00000000) refers (Special) to rtexit2.o(.ARM.Collect$$rtexit$$00000004) for __rt_exit_exit
    rtexit.o(.ARM.Collect$$rtexit$$00000000) refers (Special) to rtexit2.o(.ARM.Collect$$rtexit$$00000003) for __rt_exit_ls
    rtexit.o(.ARM.Collect$$rtexit$$00000000) refers (Special) to rtexit2.o(.ARM.Collect$$rtexit$$00000002) for __rt_exit_prels_1
    rtexit.o(.ARM.exidx) refers (Special) to rtexit2.o(.ARM.Collect$$rtexit$$00000004) for __rt_exit_exit
    rtexit.o(.ARM.exidx) refers (Special) to rtexit2.o(.ARM.Collect$$rtexit$$00000003) for __rt_exit_ls
    rtexit.o(.ARM.exidx) refers (Special) to rtexit2.o(.ARM.Collect$$rtexit$$00000002) for __rt_exit_prels_1
    rtexit.o(.ARM.exidx) refers to rtexit.o(.ARM.Collect$$rtexit$$00000000) for .ARM.Collect$$rtexit$$00000000
    argv_veneer.o(.emb_text) refers to no_argv.o(.text) for __ARM_get_argv
    rtexit2.o(.ARM.Collect$$rtexit$$00000003) refers to libshutdown.o(.ARM.Collect$$libshutdown$$00000000) for __rt_lib_shutdown
    rtexit2.o(.ARM.Collect$$rtexit$$00000004) refers to sys_exit.o(.text) for _sys_exit
    rtexit2.o(.ARM.exidx) refers to rtexit2.o(.ARM.Collect$$rtexit$$00000001) for .ARM.Collect$$rtexit$$00000001
    rtexit2.o(.ARM.exidx) refers to rtexit2.o(.ARM.Collect$$rtexit$$00000003) for .ARM.Collect$$rtexit$$00000003
    rtexit2.o(.ARM.exidx) refers to rtexit2.o(.ARM.Collect$$rtexit$$00000004) for .ARM.Collect$$rtexit$$00000004
    _get_argv_nomalloc.o(.text) refers (Special) to hrguard.o(.text) for __heap_region$guard
    _get_argv_nomalloc.o(.text) refers to defsig_rtmem_outer.o(.text) for __rt_SIGRTMEM
    _get_argv_nomalloc.o(.text) refers to sys_command.o(.text) for _sys_command_string
    sys_command.o(.text) refers (Special) to use_no_semi.o(.text) for __I$use$semihosting
    sys_command.o(.text) refers (Special) to indicate_semi.o(.text) for __semihosting_library_function
    sys_exit.o(.text) refers (Special) to use_no_semi.o(.text) for __I$use$semihosting
    sys_exit.o(.text) refers (Special) to indicate_semi.o(.text) for __semihosting_library_function
    sys_command_hlt.o(.text) refers (Special) to use_no_semi.o(.text) for __I$use$semihosting
    sys_command_hlt.o(.text) refers (Special) to indicate_semi.o(.text) for __semihosting_library_function
    sys_exit_hlt.o(.text) refers (Special) to use_no_semi.o(.text) for __I$use$semihosting
    sys_exit_hlt.o(.text) refers (Special) to indicate_semi.o(.text) for __semihosting_library_function
    defsig_rtmem_outer.o(.text) refers to defsig_rtmem_inner.o(.text) for __rt_SIGRTMEM_inner
    defsig_rtmem_outer.o(.text) refers to defsig_exit.o(.text) for __sig_exit
    defsig_rtmem_formal.o(.text) refers to rt_raise.o(.text) for __rt_raise
    libshutdown.o(.ARM.Collect$$libshutdown$$00000000) refers (Special) to libshutdown2.o(.ARM.Collect$$libshutdown$$00000002) for __rt_lib_shutdown_cpp_1
    libshutdown.o(.ARM.Collect$$libshutdown$$00000000) refers (Special) to libshutdown2.o(.ARM.Collect$$libshutdown$$00000007) for __rt_lib_shutdown_fp_trap_1
    libshutdown.o(.ARM.Collect$$libshutdown$$00000000) refers (Special) to libshutdown2.o(.ARM.Collect$$libshutdown$$0000000F) for __rt_lib_shutdown_heap_1
    libshutdown.o(.ARM.Collect$$libshutdown$$00000000) refers (Special) to libshutdown2.o(.ARM.Collect$$libshutdown$$00000010) for __rt_lib_shutdown_return
    libshutdown.o(.ARM.Collect$$libshutdown$$00000000) refers (Special) to libshutdown2.o(.ARM.Collect$$libshutdown$$0000000A) for __rt_lib_shutdown_signal_1
    libshutdown.o(.ARM.Collect$$libshutdown$$00000000) refers (Special) to libshutdown2.o(.ARM.Collect$$libshutdown$$00000004) for __rt_lib_shutdown_stdio_1
    libshutdown.o(.ARM.Collect$$libshutdown$$00000000) refers (Special) to libshutdown2.o(.ARM.Collect$$libshutdown$$0000000C) for __rt_lib_shutdown_user_alloc_1
    rt_raise.o(.text) refers to __raise.o(.text) for __raise
    rt_raise.o(.text) refers to sys_exit.o(.text) for _sys_exit
    defsig_exit.o(.text) refers to sys_exit.o(.text) for _sys_exit
    defsig_rtmem_inner.o(.text) refers to defsig_general.o(.text) for __default_signal_display
    __raise.o(.text) refers to defsig.o(CL$$defsig) for __default_signal_handler
    defsig_general.o(.text) refers to sys_wrch.o(.text) for _ttywrch
    sys_wrch.o(.text) refers (Special) to use_no_semi.o(.text) for __I$use$semihosting
    sys_wrch.o(.text) refers (Special) to indicate_semi.o(.text) for __semihosting_library_function
    sys_wrch_hlt.o(.text) refers (Special) to use_no_semi.o(.text) for __I$use$semihosting
    sys_wrch_hlt.o(.text) refers (Special) to indicate_semi.o(.text) for __semihosting_library_function
    defsig.o(CL$$defsig) refers to defsig_rtmem_inner.o(.text) for __rt_SIGRTMEM_inner
    defsig_abrt_inner.o(.text) refers to defsig_general.o(.text) for __default_signal_display
    defsig_fpe_inner.o(.text) refers to defsig_general.o(.text) for __default_signal_display
    defsig_rtred_inner.o(.text) refers to defsig_general.o(.text) for __default_signal_display
    defsig_stak_inner.o(.text) refers to defsig_general.o(.text) for __default_signal_display
    defsig_pvfn_inner.o(.text) refers to defsig_general.o(.text) for __default_signal_display
    defsig_cppl_inner.o(.text) refers to defsig_general.o(.text) for __default_signal_display
    defsig_segv_inner.o(.text) refers to defsig_general.o(.text) for __default_signal_display
    defsig_other.o(.text) refers to defsig_general.o(.text) for __default_signal_display


==============================================================================

Removing Unused input sections from the image.

    Removing main.o(.text), (0 bytes).
    Removing main.o(.ARM.exidx.text.main), (8 bytes).
    Removing main.o(.ARM.exidx.text.System_Init), (8 bytes).
    Removing main.o(.ARM.exidx.text.InvalidInput), (8 bytes).
    Removing main.o(.ARM.use_no_argv), (4 bytes).
    Removing motors.o(.text), (0 bytes).
    Removing motors.o(.ARM.exidx.text.Motors_Init), (8 bytes).
    Removing motors.o(.ARM.exidx.text.RightMotor_Init), (8 bytes).
    Removing motors.o(.ARM.exidx.text.LeftMotor_Init), (8 bytes).
    Removing motors.o(.ARM.exidx.text.MotorDirection_Init), (8 bytes).
    Removing motors.o(.ARM.exidx.text.PWM_Duty), (8 bytes).
    Removing motors.o(.text.GetCurrDuty), (12 bytes).
    Removing motors.o(.ARM.exidx.text.GetCurrDuty), (8 bytes).
    Removing motors.o(.ARM.exidx.text.IncrementSpeed), (8 bytes).
    Removing motors.o(.ARM.exidx.text.DecrementSpeed), (8 bytes).
    Removing pll.o(.text), (0 bytes).
    Removing pll.o(.ARM.exidx.text.PLL_Init), (8 bytes).
    Removing led.o(.text), (0 bytes).
    Removing led.o(.ARM.exidx.text.LED_Init), (8 bytes).
    Removing move.o(.text), (0 bytes).
    Removing move.o(.ARM.exidx.text.MoveForward), (8 bytes).
    Removing move.o(.ARM.exidx.text.MoveBackward), (8 bytes).
    Removing move.o(.text.MoveLeftPivot), (50 bytes).
    Removing move.o(.ARM.exidx.text.MoveLeftPivot), (8 bytes).
    Removing move.o(.text.MoveRightPivot), (48 bytes).
    Removing move.o(.ARM.exidx.text.MoveRightPivot), (8 bytes).
    Removing move.o(.ARM.exidx.text.MoveLeftTurn), (8 bytes).
    Removing move.o(.ARM.exidx.text.MoveRightTurn), (8 bytes).
    Removing move.o(.text.MoveLeftBackTurn), (50 bytes).
    Removing move.o(.ARM.exidx.text.MoveLeftBackTurn), (8 bytes).
    Removing move.o(.text.MoveRightBackTurn), (50 bytes).
    Removing move.o(.ARM.exidx.text.MoveRightBackTurn), (8 bytes).
    Removing move.o(.ARM.exidx.text.MoveStop), (8 bytes).
    Removing bluetooth.o(.text), (0 bytes).
    Removing bluetooth.o(.ARM.exidx.text.Bluetooth_Init), (8 bytes).
    Removing bluetooth.o(.ARM.exidx.text.UART0_Init), (8 bytes).
    Removing bluetooth.o(.ARM.exidx.text.UART1_Init), (8 bytes).
    Removing bluetooth.o(.text.UART0_OutChar), (10 bytes).
    Removing bluetooth.o(.ARM.exidx.text.UART0_OutChar), (8 bytes).
    Removing bluetooth.o(.text.UART0_OutString), (8 bytes).
    Removing bluetooth.o(.ARM.exidx.text.UART0_OutString), (8 bytes).
    Removing bluetooth.o(.ARM.exidx.text.UART1_InChar), (8 bytes).
    Removing bluetooth.o(.text.BLT_InString), (8 bytes).
    Removing bluetooth.o(.ARM.exidx.text.BLT_InString), (8 bytes).

44 unused section(s) (total 472 bytes) removed from the image.

==============================================================================

Image Symbol Table

    Local Symbols

    Symbol Name                              Value     Ov Type        Size  Object(Section)

    ../clib/angel/boardlib.s                 0x00000000   Number         0  boardinit1.o ABSOLUTE
    ../clib/angel/boardlib.s                 0x00000000   Number         0  boardinit2.o ABSOLUTE
    ../clib/angel/boardlib.s                 0x00000000   Number         0  boardinit3.o ABSOLUTE
    ../clib/angel/boardlib.s                 0x00000000   Number         0  boardshut.o ABSOLUTE
    ../clib/angel/handlers.s                 0x00000000   Number         0  __scatter_zi.o ABSOLUTE
    ../clib/angel/kernel.s                   0x00000000   Number         0  __rtentry.o ABSOLUTE
    ../clib/angel/kernel.s                   0x00000000   Number         0  __rtentry2.o ABSOLUTE
    ../clib/angel/kernel.s                   0x00000000   Number         0  __rtentry4.o ABSOLUTE
    ../clib/angel/kernel.s                   0x00000000   Number         0  rtexit.o ABSOLUTE
    ../clib/angel/kernel.s                   0x00000000   Number         0  rtexit2.o ABSOLUTE
    ../clib/angel/rt.s                       0x00000000   Number         0  rt_ctype_table.o ABSOLUTE
    ../clib/angel/rt.s                       0x00000000   Number         0  rt_locale.o ABSOLUTE
    ../clib/angel/rt.s                       0x00000000   Number         0  rt_locale_intlibspace.o ABSOLUTE
    ../clib/angel/rt.s                       0x00000000   Number         0  rt_raise.o ABSOLUTE
    ../clib/angel/scatter.s                  0x00000000   Number         0  __scatter.o ABSOLUTE
    ../clib/angel/startup.s                  0x00000000   Number         0  __main.o ABSOLUTE
    ../clib/angel/sys.s                      0x00000000   Number         0  libspace.o ABSOLUTE
    ../clib/angel/sys.s                      0x00000000   Number         0  sys_stackheap_outer.o ABSOLUTE
    ../clib/angel/sys.s                      0x00000000   Number         0  use_no_semi.o ABSOLUTE
    ../clib/angel/sys.s                      0x00000000   Number         0  indicate_semi.o ABSOLUTE
    ../clib/angel/sysapp.c                   0x00000000   Number         0  sys_command.o ABSOLUTE
    ../clib/angel/sysapp.c                   0x00000000   Number         0  sys_exit.o ABSOLUTE
    ../clib/angel/sysapp.c                   0x00000000   Number         0  sys_command_hlt.o ABSOLUTE
    ../clib/angel/sysapp.c                   0x00000000   Number         0  sys_exit_hlt.o ABSOLUTE
    ../clib/angel/sysapp.c                   0x00000000   Number         0  sys_wrch.o ABSOLUTE
    ../clib/angel/sysapp.c                   0x00000000   Number         0  sys_wrch_hlt.o ABSOLUTE
    ../clib/armsys.c                         0x00000000   Number         0  argv_veneer.o ABSOLUTE
    ../clib/armsys.c                         0x00000000   Number         0  argv_veneer.o ABSOLUTE
    ../clib/armsys.c                         0x00000000   Number         0  _get_argv_nomalloc.o ABSOLUTE
    ../clib/armsys.c                         0x00000000   Number         0  no_argv.o ABSOLUTE
    ../clib/ctype.c                          0x00000000   Number         0  tolower.o ABSOLUTE
    ../clib/heapalloc.c                      0x00000000   Number         0  hrguard.o ABSOLUTE
    ../clib/heapaux.c                        0x00000000   Number         0  heapauxi.o ABSOLUTE
    ../clib/libinit.s                        0x00000000   Number         0  libinit.o ABSOLUTE
    ../clib/libinit.s                        0x00000000   Number         0  libinit2.o ABSOLUTE
    ../clib/libinit.s                        0x00000000   Number         0  libshutdown.o ABSOLUTE
    ../clib/libinit.s                        0x00000000   Number         0  libshutdown2.o ABSOLUTE
    ../clib/locale.s                         0x00000000   Number         0  lc_ctype_c.o ABSOLUTE
    ../clib/memcpset.s                       0x00000000   Number         0  strcmpv7em.o ABSOLUTE
    ../clib/signal.c                         0x00000000   Number         0  defsig_rtmem_outer.o ABSOLUTE
    ../clib/signal.c                         0x00000000   Number         0  defsig_rtmem_formal.o ABSOLUTE
    ../clib/signal.c                         0x00000000   Number         0  defsig_exit.o ABSOLUTE
    ../clib/signal.c                         0x00000000   Number         0  defsig_rtmem_inner.o ABSOLUTE
    ../clib/signal.c                         0x00000000   Number         0  __raise.o ABSOLUTE
    ../clib/signal.c                         0x00000000   Number         0  defsig_general.o ABSOLUTE
    ../clib/signal.c                         0x00000000   Number         0  defsig_abrt_inner.o ABSOLUTE
    ../clib/signal.c                         0x00000000   Number         0  defsig_fpe_inner.o ABSOLUTE
    ../clib/signal.c                         0x00000000   Number         0  defsig_rtred_inner.o ABSOLUTE
    ../clib/signal.c                         0x00000000   Number         0  defsig_stak_inner.o ABSOLUTE
    ../clib/signal.c                         0x00000000   Number         0  defsig_pvfn_inner.o ABSOLUTE
    ../clib/signal.c                         0x00000000   Number         0  defsig_cppl_inner.o ABSOLUTE
    ../clib/signal.c                         0x00000000   Number         0  defsig_segv_inner.o ABSOLUTE
    ../clib/signal.c                         0x00000000   Number         0  defsig_other.o ABSOLUTE
    ../clib/signal.s                         0x00000000   Number         0  defsig.o ABSOLUTE
    ../clib/stdlib.c                         0x00000000   Number         0  exit.o ABSOLUTE
    ../fplib/daddsub.s                       0x00000000   Number         0  daddsub_clz.o ABSOLUTE
    ../fplib/dcmp.s                          0x00000000   Number         0  dcmp.o ABSOLUTE
    ../fplib/dcmpi.s                         0x00000000   Number         0  dcmpi.o ABSOLUTE
    ../fplib/deqf.s                          0x00000000   Number         0  deqf.o ABSOLUTE
    ../fplib/dfixull.s                       0x00000000   Number         0  dfixull.o ABSOLUTE
    ../fplib/dfltll.s                        0x00000000   Number         0  dfltll_clz.o ABSOLUTE
    ../fplib/dgeqf.s                         0x00000000   Number         0  dgeqf.o ABSOLUTE
    ../fplib/dleqf.s                         0x00000000   Number         0  dleqf.o ABSOLUTE
    ../fplib/dnaninf.s                       0x00000000   Number         0  dnaninf.o ABSOLUTE
    ../fplib/dretinf.s                       0x00000000   Number         0  dretinf.o ABSOLUTE
    ../fplib/fpinit.s                        0x00000000   Number         0  fpinit.o ABSOLUTE
    ../fplib/fpinit_empty.s                  0x00000000   Number         0  fpinit_empty.o ABSOLUTE
    ../fplib/usenofp.s                       0x00000000   Number         0  usenofp.o ABSOLUTE
    Bluetooth.c                              0x00000000   Number         0  bluetooth.o ABSOLUTE
    LED.c                                    0x00000000   Number         0  led.o ABSOLUTE
    Main.c                                   0x00000000   Number         0  main.o ABSOLUTE
    Motors.c                                 0x00000000   Number         0  motors.o ABSOLUTE
    Move.c                                   0x00000000   Number         0  move.o ABSOLUTE
    PLL.c                                    0x00000000   Number         0  pll.o ABSOLUTE
    dc.s                                     0x00000000   Number         0  dc.o ABSOLUTE
    startup.s                                0x00000000   Number         0  startup.o ABSOLUTE
    RESET                                    0x00000000   Section      644  startup.o(RESET)
    !!!main                                  0x00000284   Section        8  __main.o(!!!main)
    !!!scatter                               0x0000028c   Section       52  __scatter.o(!!!scatter)
    !!handler_zi                             0x000002c0   Section       28  __scatter_zi.o(!!handler_zi)
    .ARM.Collect$$libinit$$00000000          0x000002dc   Section        2  libinit.o(.ARM.Collect$$libinit$$00000000)
    .ARM.Collect$$libinit$$00000002          0x000002de   Section        0  libinit2.o(.ARM.Collect$$libinit$$00000002)
    .ARM.Collect$$libinit$$00000004          0x000002de   Section        0  libinit2.o(.ARM.Collect$$libinit$$00000004)
    .ARM.Collect$$libinit$$00000006          0x000002de   Section        0  libinit2.o(.ARM.Collect$$libinit$$00000006)
    .ARM.Collect$$libinit$$0000000C          0x000002de   Section        0  libinit2.o(.ARM.Collect$$libinit$$0000000C)
    .ARM.Collect$$libinit$$0000000E          0x000002de   Section        0  libinit2.o(.ARM.Collect$$libinit$$0000000E)
    .ARM.Collect$$libinit$$00000010          0x000002de   Section        0  libinit2.o(.ARM.Collect$$libinit$$00000010)
    .ARM.Collect$$libinit$$00000011          0x000002de   Section        6  libinit2.o(.ARM.Collect$$libinit$$00000011)
    .ARM.Collect$$libinit$$00000013          0x000002e4   Section        0  libinit2.o(.ARM.Collect$$libinit$$00000013)
    .ARM.Collect$$libinit$$00000014          0x000002e4   Section       12  libinit2.o(.ARM.Collect$$libinit$$00000014)
    .ARM.Collect$$libinit$$00000015          0x000002f0   Section        0  libinit2.o(.ARM.Collect$$libinit$$00000015)
    .ARM.Collect$$libinit$$00000017          0x000002f0   Section        0  libinit2.o(.ARM.Collect$$libinit$$00000017)
    .ARM.Collect$$libinit$$00000019          0x000002f0   Section        0  libinit2.o(.ARM.Collect$$libinit$$00000019)
    .ARM.Collect$$libinit$$0000001B          0x000002f0   Section        0  libinit2.o(.ARM.Collect$$libinit$$0000001B)
    .ARM.Collect$$libinit$$0000001D          0x000002f0   Section        0  libinit2.o(.ARM.Collect$$libinit$$0000001D)
    .ARM.Collect$$libinit$$0000001F          0x000002f0   Section        0  libinit2.o(.ARM.Collect$$libinit$$0000001F)
    .ARM.Collect$$libinit$$00000021          0x000002f0   Section        0  libinit2.o(.ARM.Collect$$libinit$$00000021)
    .ARM.Collect$$libinit$$00000023          0x000002f0   Section        0  libinit2.o(.ARM.Collect$$libinit$$00000023)
    .ARM.Collect$$libinit$$00000025          0x000002f0   Section        0  libinit2.o(.ARM.Collect$$libinit$$00000025)
    .ARM.Collect$$libinit$$00000027          0x000002f0   Section        0  libinit2.o(.ARM.Collect$$libinit$$00000027)
    .ARM.Collect$$libinit$$0000002E          0x000002f0   Section        0  libinit2.o(.ARM.Collect$$libinit$$0000002E)
    .ARM.Collect$$libinit$$00000030          0x000002f0   Section        0  libinit2.o(.ARM.Collect$$libinit$$00000030)
    .ARM.Collect$$libinit$$00000032          0x000002f0   Section        0  libinit2.o(.ARM.Collect$$libinit$$00000032)
    .ARM.Collect$$libinit$$00000034          0x000002f0   Section        0  libinit2.o(.ARM.Collect$$libinit$$00000034)
    .ARM.Collect$$libinit$$00000035          0x000002f0   Section        2  libinit2.o(.ARM.Collect$$libinit$$00000035)
    .ARM.Collect$$libshutdown$$00000000      0x000002f2   Section        2  libshutdown.o(.ARM.Collect$$libshutdown$$00000000)
    .ARM.Collect$$libshutdown$$00000002      0x000002f4   Section        0  libshutdown2.o(.ARM.Collect$$libshutdown$$00000002)
    .ARM.Collect$$libshutdown$$00000004      0x000002f4   Section        0  libshutdown2.o(.ARM.Collect$$libshutdown$$00000004)
    .ARM.Collect$$libshutdown$$00000007      0x000002f4   Section        0  libshutdown2.o(.ARM.Collect$$libshutdown$$00000007)
    .ARM.Collect$$libshutdown$$0000000A      0x000002f4   Section        0  libshutdown2.o(.ARM.Collect$$libshutdown$$0000000A)
    .ARM.Collect$$libshutdown$$0000000C      0x000002f4   Section        0  libshutdown2.o(.ARM.Collect$$libshutdown$$0000000C)
    .ARM.Collect$$libshutdown$$0000000F      0x000002f4   Section        0  libshutdown2.o(.ARM.Collect$$libshutdown$$0000000F)
    .ARM.Collect$$libshutdown$$00000010      0x000002f4   Section        2  libshutdown2.o(.ARM.Collect$$libshutdown$$00000010)
    .ARM.Collect$$rtentry$$00000000          0x000002f6   Section        0  __rtentry.o(.ARM.Collect$$rtentry$$00000000)
    .ARM.Collect$$rtentry$$00000002          0x000002f6   Section        0  __rtentry2.o(.ARM.Collect$$rtentry$$00000002)
    .ARM.Collect$$rtentry$$00000004          0x000002f6   Section        6  __rtentry4.o(.ARM.Collect$$rtentry$$00000004)
    .ARM.Collect$$rtentry$$00000009          0x000002fc   Section        0  __rtentry2.o(.ARM.Collect$$rtentry$$00000009)
    .ARM.Collect$$rtentry$$0000000A          0x000002fc   Section        4  __rtentry2.o(.ARM.Collect$$rtentry$$0000000A)
    .ARM.Collect$$rtentry$$0000000C          0x00000300   Section        0  __rtentry2.o(.ARM.Collect$$rtentry$$0000000C)
    .ARM.Collect$$rtentry$$0000000D          0x00000300   Section        8  __rtentry2.o(.ARM.Collect$$rtentry$$0000000D)
    .ARM.Collect$$rtexit$$00000000           0x00000308   Section        2  rtexit.o(.ARM.Collect$$rtexit$$00000000)
    .ARM.Collect$$rtexit$$00000002           0x0000030a   Section        0  rtexit2.o(.ARM.Collect$$rtexit$$00000002)
    .ARM.Collect$$rtexit$$00000003           0x0000030a   Section        4  rtexit2.o(.ARM.Collect$$rtexit$$00000003)
    .ARM.Collect$$rtexit$$00000004           0x0000030e   Section        6  rtexit2.o(.ARM.Collect$$rtexit$$00000004)
    .text                                    0x00000314   Section       48  startup.o(.text)
    .text                                    0x00000344   Section        0  tolower.o(.text)
    .text                                    0x0000035e   Section        0  heapauxi.o(.text)
    .text                                    0x00000364   Section       16  rt_ctype_table.o(.text)
    .text                                    0x00000374   Section        8  rt_locale_intlibspace.o(.text)
    .text                                    0x0000037c   Section        8  libspace.o(.text)
    .text                                    0x00000384   Section       74  sys_stackheap_outer.o(.text)
    .text                                    0x000003ce   Section        0  exit.o(.text)
    .text                                    0x000003e0   Section      124  strcmpv7em.o(.text)
    .text                                    0x0000045c   Section        0  sys_exit.o(.text)
    .text                                    0x00000468   Section        2  use_no_semi.o(.text)
    .text                                    0x0000046a   Section        0  indicate_semi.o(.text)
    [Anonymous Symbol]                       0x0000046c   Section        0  bluetooth.o(.text.Bluetooth_Init)
    [Anonymous Symbol]                       0x00000478   Section        0  motors.o(.text.DecrementSpeed)
    [Anonymous Symbol]                       0x000004fc   Section        0  motors.o(.text.IncrementSpeed)
    [Anonymous Symbol]                       0x00000588   Section        0  main.o(.text.InvalidInput)
    [Anonymous Symbol]                       0x0000058c   Section        0  led.o(.text.LED_Init)
    [Anonymous Symbol]                       0x00000634   Section        0  motors.o(.text.LeftMotor_Init)
    [Anonymous Symbol]                       0x00000704   Section        0  motors.o(.text.MotorDirection_Init)
    [Anonymous Symbol]                       0x00000780   Section        0  motors.o(.text.Motors_Init)
    [Anonymous Symbol]                       0x000007a0   Section        0  move.o(.text.MoveBackward)
    [Anonymous Symbol]                       0x000007d4   Section        0  move.o(.text.MoveForward)
    [Anonymous Symbol]                       0x00000808   Section        0  move.o(.text.MoveLeftTurn)
    [Anonymous Symbol]                       0x0000083c   Section        0  move.o(.text.MoveRightTurn)
    [Anonymous Symbol]                       0x00000870   Section        0  move.o(.text.MoveStop)
    [Anonymous Symbol]                       0x00000898   Section        0  pll.o(.text.PLL_Init)
    [Anonymous Symbol]                       0x0000091c   Section        0  motors.o(.text.PWM_Duty)
    [Anonymous Symbol]                       0x00000944   Section        0  motors.o(.text.RightMotor_Init)
    [Anonymous Symbol]                       0x00000a30   Section        0  main.o(.text.System_Init)
    [Anonymous Symbol]                       0x00000a44   Section        0  bluetooth.o(.text.UART0_Init)
    [Anonymous Symbol]                       0x00000a48   Section        0  bluetooth.o(.text.UART1_InChar)
    [Anonymous Symbol]                       0x00000a6c   Section        0  bluetooth.o(.text.UART1_Init)
    [Anonymous Symbol]                       0x00000b10   Section        0  main.o(.text.main)
    locale$$code                             0x00000bcc   Section       44  lc_ctype_c.o(locale$$code)
    x$fpl$dadd                               0x00000bf8   Section      336  daddsub_clz.o(x$fpl$dadd)
    _dadd1                                   0x00000c09   Thumb Code     0  daddsub_clz.o(x$fpl$dadd)
    x$fpl$dcmpinf                            0x00000d48   Section       24  dcmpi.o(x$fpl$dcmpinf)
    x$fpl$deqf                               0x00000d60   Section      120  deqf.o(x$fpl$deqf)
    x$fpl$dfltull                            0x00000dd8   Section      138  dfltll_clz.o(x$fpl$dfltull)
    x$fpl$dgeqf                              0x00000e64   Section      120  dgeqf.o(x$fpl$dgeqf)
    x$fpl$dleqf                              0x00000edc   Section      120  dleqf.o(x$fpl$dleqf)
    x$fpl$dnaninf                            0x00000f54   Section      156  dnaninf.o(x$fpl$dnaninf)
    x$fpl$dretinf                            0x00000ff0   Section       12  dretinf.o(x$fpl$dretinf)
    x$fpl$dsub                               0x00000ffc   Section      476  daddsub_clz.o(x$fpl$dsub)
    _dsub1                                   0x0000100d   Thumb Code     0  daddsub_clz.o(x$fpl$dsub)
    x$fpl$fcmp                               0x000011d8   Section       84  dcmp.o(x$fpl$fcmp)
    x$fpl$llufromd                           0x0000122c   Section      120  dfixull.o(x$fpl$llufromd)
    x$fpl$usenofp                            0x000012a4   Section        0  usenofp.o(x$fpl$usenofp)
    locale$$data                             0x000012b4   Section      272  lc_ctype_c.o(locale$$data)
    __lcctype_c_name                         0x000012b8   Data           2  lc_ctype_c.o(locale$$data)
    __lcctype_c_start                        0x000012c0   Data           0  lc_ctype_c.o(locale$$data)
    __lcctype_c_end                          0x000013c4   Data           0  lc_ctype_c.o(locale$$data)
    .bss                                     0x20000000   Section       96  libspace.o(.bss)
    HeapMem                                  0x20000468   Data           0  startup.o(HEAP)
    StackMem                                 0x20000468   Data           0  startup.o(STACK)
    HEAP                                     0x20000468   Section        0  startup.o(HEAP)
    STACK                                    0x20000468   Section     1024  startup.o(STACK)

    Global Symbols

    Symbol Name                              Value     Ov Type        Size  Object(Section)

    BuildAttributes$$THM_ISAv4$E$P$D$K$B$S$7EM$PE$A:L22UL41UL21$X:L11$S22US41US21$IEEE1$IW$~IW$USESV6$~STKCKD$USESV7$~SHL$OSPACE$ROPI$EBA8$UX$STANDARDLIB$REQ8$PRES8$EABIv2 0x00000000   Number         0  anon$$obj.o ABSOLUTE
    __Vectors                                0x00000000   Data           0  startup.o(RESET)
    __fp_init_empty                          0x00000000   Number         0  fpinit_empty.o ABSOLUTE
    __ARM_exceptions_init                     - Undefined Weak Reference
    __alloca_initialize                       - Undefined Weak Reference
    __arm_preinit_                            - Undefined Weak Reference
    __arm_relocate_pie_                       - Undefined Weak Reference
    __cpp_initialize__aeabi_                  - Undefined Weak Reference
    __cxa_finalize                            - Undefined Weak Reference
    __sigvec_lookup                           - Undefined Weak Reference
    _atexit_init                              - Undefined Weak Reference
    _call_atexit_fns                          - Undefined Weak Reference
    _clock_init                               - Undefined Weak Reference
    _fp_trap_init                             - Undefined Weak Reference
    _fp_trap_shutdown                         - Undefined Weak Reference
    _get_lc_collate                           - Undefined Weak Reference
    _get_lc_monetary                          - Undefined Weak Reference
    _get_lc_numeric                           - Undefined Weak Reference
    _get_lc_time                              - Undefined Weak Reference
    _getenv_init                              - Undefined Weak Reference
    _handle_redirection                       - Undefined Weak Reference
    _init_alloc                               - Undefined Weak Reference
    _init_user_alloc                          - Undefined Weak Reference
    _initio                                   - Undefined Weak Reference
    _rand_init                                - Undefined Weak Reference
    _signal_finish                            - Undefined Weak Reference
    _signal_init                              - Undefined Weak Reference
    _terminate_alloc                          - Undefined Weak Reference
    _terminate_user_alloc                     - Undefined Weak Reference
    _terminateio                              - Undefined Weak Reference
    Reset_Handler                            0x0000026d   Thumb Code     0  startup.o(RESET)
    NMI_Handler                              0x00000271   Thumb Code     2  startup.o(RESET)
    HardFault_Handler                        0x00000273   Thumb Code     2  startup.o(RESET)
    MemManage_Handler                        0x00000275   Thumb Code     2  startup.o(RESET)
    BusFault_Handler                         0x00000277   Thumb Code     2  startup.o(RESET)
    UsageFault_Handler                       0x00000279   Thumb Code     2  startup.o(RESET)
    SVC_Handler                              0x0000027b   Thumb Code     2  startup.o(RESET)
    DebugMon_Handler                         0x0000027d   Thumb Code     2  startup.o(RESET)
    PendSV_Handler                           0x0000027f   Thumb Code     2  startup.o(RESET)
    SysTick_Handler                          0x00000281   Thumb Code     2  startup.o(RESET)
    ADC0Seq0_Handler                         0x00000283   Thumb Code     0  startup.o(RESET)
    ADC0Seq1_Handler                         0x00000283   Thumb Code     0  startup.o(RESET)
    ADC0Seq2_Handler                         0x00000283   Thumb Code     0  startup.o(RESET)
    ADC0Seq3_Handler                         0x00000283   Thumb Code     0  startup.o(RESET)
    ADC1Seq0_Handler                         0x00000283   Thumb Code     0  startup.o(RESET)
    ADC1Seq1_Handler                         0x00000283   Thumb Code     0  startup.o(RESET)
    ADC1Seq2_Handler                         0x00000283   Thumb Code     0  startup.o(RESET)
    ADC1Seq3_Handler                         0x00000283   Thumb Code     0  startup.o(RESET)
    CAN0_Handler                             0x00000283   Thumb Code     0  startup.o(RESET)
    CAN1_Handler                             0x00000283   Thumb Code     0  startup.o(RESET)
    CAN2_Handler                             0x00000283   Thumb Code     0  startup.o(RESET)
    Comp0_Handler                            0x00000283   Thumb Code     0  startup.o(RESET)
    Comp1_Handler                            0x00000283   Thumb Code     0  startup.o(RESET)
    Comp2_Handler                            0x00000283   Thumb Code     0  startup.o(RESET)
    Ethernet_Handler                         0x00000283   Thumb Code     0  startup.o(RESET)
    ExtBus_Handler                           0x00000283   Thumb Code     0  startup.o(RESET)
    FPU_Handler                              0x00000283   Thumb Code     0  startup.o(RESET)
    Fan0_Handler                             0x00000283   Thumb Code     0  startup.o(RESET)
    FlashCtl_Handler                         0x00000283   Thumb Code     0  startup.o(RESET)
    GPIOPortA_Handler                        0x00000283   Thumb Code     0  startup.o(RESET)
    GPIOPortB_Handler                        0x00000283   Thumb Code     0  startup.o(RESET)
    GPIOPortC_Handler                        0x00000283   Thumb Code     0  startup.o(RESET)
    GPIOPortD_Handler                        0x00000283   Thumb Code     0  startup.o(RESET)
    GPIOPortE_Handler                        0x00000283   Thumb Code     0  startup.o(RESET)
    GPIOPortF_Handler                        0x00000283   Thumb Code     0  startup.o(RESET)
    GPIOPortG_Handler                        0x00000283   Thumb Code     0  startup.o(RESET)
    GPIOPortH_Handler                        0x00000283   Thumb Code     0  startup.o(RESET)
    GPIOPortJ_Handler                        0x00000283   Thumb Code     0  startup.o(RESET)
    GPIOPortK_Handler                        0x00000283   Thumb Code     0  startup.o(RESET)
    GPIOPortL_Handler                        0x00000283   Thumb Code     0  startup.o(RESET)
    GPIOPortM_Handler                        0x00000283   Thumb Code     0  startup.o(RESET)
    GPIOPortN_Handler                        0x00000283   Thumb Code     0  startup.o(RESET)
    GPIOPortP1_Handler                       0x00000283   Thumb Code     0  startup.o(RESET)
    GPIOPortP2_Handler                       0x00000283   Thumb Code     0  startup.o(RESET)
    GPIOPortP3_Handler                       0x00000283   Thumb Code     0  startup.o(RESET)
    GPIOPortP4_Handler                       0x00000283   Thumb Code     0  startup.o(RESET)
    GPIOPortP5_Handler                       0x00000283   Thumb Code     0  startup.o(RESET)
    GPIOPortP6_Handler                       0x00000283   Thumb Code     0  startup.o(RESET)
    GPIOPortP7_Handler                       0x00000283   Thumb Code     0  startup.o(RESET)
    GPIOPortP_Handler                        0x00000283   Thumb Code     0  startup.o(RESET)
    GPIOPortQ1_Handler                       0x00000283   Thumb Code     0  startup.o(RESET)
    GPIOPortQ2_Handler                       0x00000283   Thumb Code     0  startup.o(RESET)
    GPIOPortQ3_Handler                       0x00000283   Thumb Code     0  startup.o(RESET)
    GPIOPortQ4_Handler                       0x00000283   Thumb Code     0  startup.o(RESET)
    GPIOPortQ5_Handler                       0x00000283   Thumb Code     0  startup.o(RESET)
    GPIOPortQ6_Handler                       0x00000283   Thumb Code     0  startup.o(RESET)
    GPIOPortQ7_Handler                       0x00000283   Thumb Code     0  startup.o(RESET)
    GPIOPortQ_Handler                        0x00000283   Thumb Code     0  startup.o(RESET)
    GPIOPortR_Handler                        0x00000283   Thumb Code     0  startup.o(RESET)
    GPIOPortS_Handler                        0x00000283   Thumb Code     0  startup.o(RESET)
    Hibernate_Handler                        0x00000283   Thumb Code     0  startup.o(RESET)
    I2C0_Handler                             0x00000283   Thumb Code     0  startup.o(RESET)
    I2C1_Handler                             0x00000283   Thumb Code     0  startup.o(RESET)
    I2C2_Handler                             0x00000283   Thumb Code     0  startup.o(RESET)
    I2C3_Handler                             0x00000283   Thumb Code     0  startup.o(RESET)
    I2C4_Handler                             0x00000283   Thumb Code     0  startup.o(RESET)
    I2C5_Handler                             0x00000283   Thumb Code     0  startup.o(RESET)
    I2S0_Handler                             0x00000283   Thumb Code     0  startup.o(RESET)
    LPC0_Handler                             0x00000283   Thumb Code     0  startup.o(RESET)
    PECI0_Handler                            0x00000283   Thumb Code     0  startup.o(RESET)
    PWM0Fault_Handler                        0x00000283   Thumb Code     0  startup.o(RESET)
    PWM0Generator0_Handler                   0x00000283   Thumb Code     0  startup.o(RESET)
    PWM0Generator1_Handler                   0x00000283   Thumb Code     0  startup.o(RESET)
    PWM0Generator2_Handler                   0x00000283   Thumb Code     0  startup.o(RESET)
    PWM0Generator3_Handler                   0x00000283   Thumb Code     0  startup.o(RESET)
    PWM1Fault_Handler                        0x00000283   Thumb Code     0  startup.o(RESET)
    PWM1Generator0_Handler                   0x00000283   Thumb Code     0  startup.o(RESET)
    PWM1Generator1_Handler                   0x00000283   Thumb Code     0  startup.o(RESET)
    PWM1Generator2_Handler                   0x00000283   Thumb Code     0  startup.o(RESET)
    PWM1Generator3_Handler                   0x00000283   Thumb Code     0  startup.o(RESET)
    Quadrature0_Handler                      0x00000283   Thumb Code     0  startup.o(RESET)
    Quadrature1_Handler                      0x00000283   Thumb Code     0  startup.o(RESET)
    Quadrature2_Handler                      0x00000283   Thumb Code     0  startup.o(RESET)
    SSI0_Handler                             0x00000283   Thumb Code     0  startup.o(RESET)
    SSI1_Handler                             0x00000283   Thumb Code     0  startup.o(RESET)
    SSI2_Handler                             0x00000283   Thumb Code     0  startup.o(RESET)
    SSI3_Handler                             0x00000283   Thumb Code     0  startup.o(RESET)
    SysCtl_Handler                           0x00000283   Thumb Code     0  startup.o(RESET)
    Timer0A_Handler                          0x00000283   Thumb Code     0  startup.o(RESET)
    Timer0B_Handler                          0x00000283   Thumb Code     0  startup.o(RESET)
    Timer1A_Handler                          0x00000283   Thumb Code     0  startup.o(RESET)
    Timer1B_Handler                          0x00000283   Thumb Code     0  startup.o(RESET)
    Timer2A_Handler                          0x00000283   Thumb Code     0  startup.o(RESET)
    Timer2B_Handler                          0x00000283   Thumb Code     0  startup.o(RESET)
    Timer3A_Handler                          0x00000283   Thumb Code     0  startup.o(RESET)
    Timer3B_Handler                          0x00000283   Thumb Code     0  startup.o(RESET)
    Timer4A_Handler                          0x00000283   Thumb Code     0  startup.o(RESET)
    Timer4B_Handler                          0x00000283   Thumb Code     0  startup.o(RESET)
    Timer5A_Handler                          0x00000283   Thumb Code     0  startup.o(RESET)
    Timer5B_Handler                          0x00000283   Thumb Code     0  startup.o(RESET)
    UART0_Handler                            0x00000283   Thumb Code     0  startup.o(RESET)
    UART1_Handler                            0x00000283   Thumb Code     0  startup.o(RESET)
    UART2_Handler                            0x00000283   Thumb Code     0  startup.o(RESET)
    UART3_Handler                            0x00000283   Thumb Code     0  startup.o(RESET)
    UART4_Handler                            0x00000283   Thumb Code     0  startup.o(RESET)
    UART5_Handler                            0x00000283   Thumb Code     0  startup.o(RESET)
    UART6_Handler                            0x00000283   Thumb Code     0  startup.o(RESET)
    UART7_Handler                            0x00000283   Thumb Code     0  startup.o(RESET)
    USB0_Handler                             0x00000283   Thumb Code     0  startup.o(RESET)
    WDT_Handler                              0x00000283   Thumb Code     0  startup.o(RESET)
    WideTimer0A_Handler                      0x00000283   Thumb Code     0  startup.o(RESET)
    WideTimer0B_Handler                      0x00000283   Thumb Code     0  startup.o(RESET)
    WideTimer1A_Handler                      0x00000283   Thumb Code     0  startup.o(RESET)
    WideTimer1B_Handler                      0x00000283   Thumb Code     0  startup.o(RESET)
    WideTimer2A_Handler                      0x00000283   Thumb Code     0  startup.o(RESET)
    WideTimer2B_Handler                      0x00000283   Thumb Code     0  startup.o(RESET)
    WideTimer3A_Handler                      0x00000283   Thumb Code     0  startup.o(RESET)
    WideTimer3B_Handler                      0x00000283   Thumb Code     0  startup.o(RESET)
    WideTimer4A_Handler                      0x00000283   Thumb Code     0  startup.o(RESET)
    WideTimer4B_Handler                      0x00000283   Thumb Code     0  startup.o(RESET)
    WideTimer5A_Handler                      0x00000283   Thumb Code     0  startup.o(RESET)
    WideTimer5B_Handler                      0x00000283   Thumb Code     0  startup.o(RESET)
    uDMA_Error                               0x00000283   Thumb Code     0  startup.o(RESET)
    uDMA_Handler                             0x00000283   Thumb Code     0  startup.o(RESET)
    __main                                   0x00000285   Thumb Code     8  __main.o(!!!main)
    __scatterload                            0x0000028d   Thumb Code     0  __scatter.o(!!!scatter)
    __scatterload_rt2                        0x0000028d   Thumb Code    44  __scatter.o(!!!scatter)
    __scatterload_rt2_thumb_only             0x0000028d   Thumb Code     0  __scatter.o(!!!scatter)
    __scatterload_null                       0x0000029b   Thumb Code     0  __scatter.o(!!!scatter)
    __scatterload_zeroinit                   0x000002c1   Thumb Code    28  __scatter_zi.o(!!handler_zi)
    __rt_lib_init                            0x000002dd   Thumb Code     0  libinit.o(.ARM.Collect$$libinit$$00000000)
    __rt_lib_init_fp_1                       0x000002df   Thumb Code     0  libinit2.o(.ARM.Collect$$libinit$$00000002)
    __rt_lib_init_heap_1                     0x000002df   Thumb Code     0  libinit2.o(.ARM.Collect$$libinit$$0000000C)
    __rt_lib_init_lc_common                  0x000002df   Thumb Code     0  libinit2.o(.ARM.Collect$$libinit$$00000011)
    __rt_lib_init_preinit_1                  0x000002df   Thumb Code     0  libinit2.o(.ARM.Collect$$libinit$$00000006)
    __rt_lib_init_rand_1                     0x000002df   Thumb Code     0  libinit2.o(.ARM.Collect$$libinit$$00000010)
    __rt_lib_init_relocate_pie_1             0x000002df   Thumb Code     0  libinit2.o(.ARM.Collect$$libinit$$00000004)
    __rt_lib_init_user_alloc_1               0x000002df   Thumb Code     0  libinit2.o(.ARM.Collect$$libinit$$0000000E)
    __rt_lib_init_lc_collate_1               0x000002e5   Thumb Code     0  libinit2.o(.ARM.Collect$$libinit$$00000013)
    __rt_lib_init_lc_ctype_2                 0x000002e5   Thumb Code     0  libinit2.o(.ARM.Collect$$libinit$$00000014)
    __rt_lib_init_alloca_1                   0x000002f1   Thumb Code     0  libinit2.o(.ARM.Collect$$libinit$$00000030)
    __rt_lib_init_argv_1                     0x000002f1   Thumb Code     0  libinit2.o(.ARM.Collect$$libinit$$0000002E)
    __rt_lib_init_atexit_1                   0x000002f1   Thumb Code     0  libinit2.o(.ARM.Collect$$libinit$$0000001D)
    __rt_lib_init_clock_1                    0x000002f1   Thumb Code     0  libinit2.o(.ARM.Collect$$libinit$$00000023)
    __rt_lib_init_cpp_1                      0x000002f1   Thumb Code     0  libinit2.o(.ARM.Collect$$libinit$$00000034)
    __rt_lib_init_exceptions_1               0x000002f1   Thumb Code     0  libinit2.o(.ARM.Collect$$libinit$$00000032)
    __rt_lib_init_fp_trap_1                  0x000002f1   Thumb Code     0  libinit2.o(.ARM.Collect$$libinit$$00000021)
    __rt_lib_init_getenv_1                   0x000002f1   Thumb Code     0  libinit2.o(.ARM.Collect$$libinit$$00000025)
    __rt_lib_init_lc_ctype_1                 0x000002f1   Thumb Code     0  libinit2.o(.ARM.Collect$$libinit$$00000015)
    __rt_lib_init_lc_monetary_1              0x000002f1   Thumb Code     0  libinit2.o(.ARM.Collect$$libinit$$00000017)
    __rt_lib_init_lc_numeric_1               0x000002f1   Thumb Code     0  libinit2.o(.ARM.Collect$$libinit$$00000019)
    __rt_lib_init_lc_time_1                  0x000002f1   Thumb Code     0  libinit2.o(.ARM.Collect$$libinit$$0000001B)
    __rt_lib_init_return                     0x000002f1   Thumb Code     0  libinit2.o(.ARM.Collect$$libinit$$00000035)
    __rt_lib_init_signal_1                   0x000002f1   Thumb Code     0  libinit2.o(.ARM.Collect$$libinit$$0000001F)
    __rt_lib_init_stdio_1                    0x000002f1   Thumb Code     0  libinit2.o(.ARM.Collect$$libinit$$00000027)
    __rt_lib_shutdown                        0x000002f3   Thumb Code     0  libshutdown.o(.ARM.Collect$$libshutdown$$00000000)
    __rt_lib_shutdown_cpp_1                  0x000002f5   Thumb Code     0  libshutdown2.o(.ARM.Collect$$libshutdown$$00000002)
    __rt_lib_shutdown_fp_trap_1              0x000002f5   Thumb Code     0  libshutdown2.o(.ARM.Collect$$libshutdown$$00000007)
    __rt_lib_shutdown_heap_1                 0x000002f5   Thumb Code     0  libshutdown2.o(.ARM.Collect$$libshutdown$$0000000F)
    __rt_lib_shutdown_return                 0x000002f5   Thumb Code     0  libshutdown2.o(.ARM.Collect$$libshutdown$$00000010)
    __rt_lib_shutdown_signal_1               0x000002f5   Thumb Code     0  libshutdown2.o(.ARM.Collect$$libshutdown$$0000000A)
    __rt_lib_shutdown_stdio_1                0x000002f5   Thumb Code     0  libshutdown2.o(.ARM.Collect$$libshutdown$$00000004)
    __rt_lib_shutdown_user_alloc_1           0x000002f5   Thumb Code     0  libshutdown2.o(.ARM.Collect$$libshutdown$$0000000C)
    __rt_entry                               0x000002f7   Thumb Code     0  __rtentry.o(.ARM.Collect$$rtentry$$00000000)
    __rt_entry_presh_1                       0x000002f7   Thumb Code     0  __rtentry2.o(.ARM.Collect$$rtentry$$00000002)
    __rt_entry_sh                            0x000002f7   Thumb Code     0  __rtentry4.o(.ARM.Collect$$rtentry$$00000004)
    __rt_entry_li                            0x000002fd   Thumb Code     0  __rtentry2.o(.ARM.Collect$$rtentry$$0000000A)
    __rt_entry_postsh_1                      0x000002fd   Thumb Code     0  __rtentry2.o(.ARM.Collect$$rtentry$$00000009)
    __rt_entry_main                          0x00000301   Thumb Code     0  __rtentry2.o(.ARM.Collect$$rtentry$$0000000D)
    __rt_entry_postli_1                      0x00000301   Thumb Code     0  __rtentry2.o(.ARM.Collect$$rtentry$$0000000C)
    __rt_exit                                0x00000309   Thumb Code     0  rtexit.o(.ARM.Collect$$rtexit$$00000000)
    __rt_exit_ls                             0x0000030b   Thumb Code     0  rtexit2.o(.ARM.Collect$$rtexit$$00000003)
    __rt_exit_prels_1                        0x0000030b   Thumb Code     0  rtexit2.o(.ARM.Collect$$rtexit$$00000002)
    __rt_exit_exit                           0x0000030f   Thumb Code     0  rtexit2.o(.ARM.Collect$$rtexit$$00000004)
    DisableInterrupts                        0x00000315   Thumb Code     0  startup.o(.text)
    EnableInterrupts                         0x00000319   Thumb Code     0  startup.o(.text)
    StartCritical                            0x0000031d   Thumb Code     0  startup.o(.text)
    EndCritical                              0x00000325   Thumb Code     0  startup.o(.text)
    WaitForInterrupt                         0x0000032b   Thumb Code     0  startup.o(.text)
    __user_initial_stackheap                 0x0000032f   Thumb Code     0  startup.o(.text)
    tolower                                  0x00000345   Thumb Code    26  tolower.o(.text)
    __use_two_region_memory                  0x0000035f   Thumb Code     2  heapauxi.o(.text)
    __rt_heap_escrow$2region                 0x00000361   Thumb Code     2  heapauxi.o(.text)
    __rt_heap_expand$2region                 0x00000363   Thumb Code     2  heapauxi.o(.text)
    __rt_ctype_table                         0x00000365   Thumb Code    16  rt_ctype_table.o(.text)
    __rt_locale                              0x00000375   Thumb Code     8  rt_locale_intlibspace.o(.text)
    __user_libspace                          0x0000037d   Thumb Code     8  libspace.o(.text)
    __user_perproc_libspace                  0x0000037d   Thumb Code     0  libspace.o(.text)
    __user_perthread_libspace                0x0000037d   Thumb Code     0  libspace.o(.text)
    __user_setup_stackheap                   0x00000385   Thumb Code    74  sys_stackheap_outer.o(.text)
    exit                                     0x000003cf   Thumb Code    18  exit.o(.text)
    strcmp                                   0x000003e1   Thumb Code   124  strcmpv7em.o(.text)
    _sys_exit                                0x0000045d   Thumb Code     8  sys_exit.o(.text)
    __I$use$semihosting                      0x00000469   Thumb Code     0  use_no_semi.o(.text)
    __use_no_semihosting_swi                 0x00000469   Thumb Code     2  use_no_semi.o(.text)
    __semihosting_library_function           0x0000046b   Thumb Code     0  indicate_semi.o(.text)
    Bluetooth_Init                           0x0000046d   Thumb Code    12  bluetooth.o(.text.Bluetooth_Init)
    DecrementSpeed                           0x00000479   Thumb Code   132  motors.o(.text.DecrementSpeed)
    IncrementSpeed                           0x000004fd   Thumb Code   140  motors.o(.text.IncrementSpeed)
    InvalidInput                             0x00000589   Thumb Code     2  main.o(.text.InvalidInput)
    LED_Init                                 0x0000058d   Thumb Code   166  led.o(.text.LED_Init)
    LeftMotor_Init                           0x00000635   Thumb Code   208  motors.o(.text.LeftMotor_Init)
    MotorDirection_Init                      0x00000705   Thumb Code   124  motors.o(.text.MotorDirection_Init)
    Motors_Init                              0x00000781   Thumb Code    32  motors.o(.text.Motors_Init)
    MoveBackward                             0x000007a1   Thumb Code    50  move.o(.text.MoveBackward)
    MoveForward                              0x000007d5   Thumb Code    50  move.o(.text.MoveForward)
    MoveLeftTurn                             0x00000809   Thumb Code    50  move.o(.text.MoveLeftTurn)
    MoveRightTurn                            0x0000083d   Thumb Code    50  move.o(.text.MoveRightTurn)
    MoveStop                                 0x00000871   Thumb Code    38  move.o(.text.MoveStop)
    PLL_Init                                 0x00000899   Thumb Code   132  pll.o(.text.PLL_Init)
    PWM_Duty                                 0x0000091d   Thumb Code    38  motors.o(.text.PWM_Duty)
    RightMotor_Init                          0x00000945   Thumb Code   234  motors.o(.text.RightMotor_Init)
    System_Init                              0x00000a31   Thumb Code    20  main.o(.text.System_Init)
    UART0_Init                               0x00000a45   Thumb Code     2  bluetooth.o(.text.UART0_Init)
    UART1_InChar                             0x00000a49   Thumb Code    36  bluetooth.o(.text.UART1_InChar)
    UART1_Init                               0x00000a6d   Thumb Code   162  bluetooth.o(.text.UART1_Init)
    main                                     0x00000b11   Thumb Code   188  main.o(.text.main)
    _get_lc_ctype                            0x00000bcd   Thumb Code    44  lc_ctype_c.o(locale$$code)
    __aeabi_dadd                             0x00000bf9   Thumb Code     0  daddsub_clz.o(x$fpl$dadd)
    _dadd                                    0x00000bf9   Thumb Code   332  daddsub_clz.o(x$fpl$dadd)
    __fpl_dcmp_Inf                           0x00000d49   Thumb Code    24  dcmpi.o(x$fpl$dcmpinf)
    __aeabi_cdcmpeq                          0x00000d61   Thumb Code     0  deqf.o(x$fpl$deqf)
    _dcmpeq                                  0x00000d61   Thumb Code   120  deqf.o(x$fpl$deqf)
    __aeabi_ul2d                             0x00000dd9   Thumb Code     0  dfltll_clz.o(x$fpl$dfltull)
    _ll_uto_d                                0x00000dd9   Thumb Code   138  dfltll_clz.o(x$fpl$dfltull)
    __aeabi_cdcmpge                          0x00000e65   Thumb Code     0  dgeqf.o(x$fpl$dgeqf)
    _dcmpge                                  0x00000e65   Thumb Code   120  dgeqf.o(x$fpl$dgeqf)
    __aeabi_cdcmple                          0x00000edd   Thumb Code     0  dleqf.o(x$fpl$dleqf)
    _dcmple                                  0x00000edd   Thumb Code   120  dleqf.o(x$fpl$dleqf)
    __fpl_dcmple_InfNaN                      0x00000f3f   Thumb Code     0  dleqf.o(x$fpl$dleqf)
    __fpl_dnaninf                            0x00000f55   Thumb Code   156  dnaninf.o(x$fpl$dnaninf)
    __fpl_dretinf                            0x00000ff1   Thumb Code    12  dretinf.o(x$fpl$dretinf)
    __aeabi_dsub                             0x00000ffd   Thumb Code     0  daddsub_clz.o(x$fpl$dsub)
    _dsub                                    0x00000ffd   Thumb Code   472  daddsub_clz.o(x$fpl$dsub)
    __aeabi_dcmpeq                           0x000011d9   Thumb Code     0  dcmp.o(x$fpl$fcmp)
    _deq                                     0x000011d9   Thumb Code    14  dcmp.o(x$fpl$fcmp)
    _dneq                                    0x000011e7   Thumb Code    14  dcmp.o(x$fpl$fcmp)
    __aeabi_dcmpgt                           0x000011f5   Thumb Code     0  dcmp.o(x$fpl$fcmp)
    _dgr                                     0x000011f5   Thumb Code    14  dcmp.o(x$fpl$fcmp)
    __aeabi_dcmpge                           0x00001203   Thumb Code     0  dcmp.o(x$fpl$fcmp)
    _dgeq                                    0x00001203   Thumb Code    14  dcmp.o(x$fpl$fcmp)
    __aeabi_dcmple                           0x00001211   Thumb Code     0  dcmp.o(x$fpl$fcmp)
    _dleq                                    0x00001211   Thumb Code    14  dcmp.o(x$fpl$fcmp)
    __aeabi_dcmplt                           0x0000121f   Thumb Code     0  dcmp.o(x$fpl$fcmp)
    _dls                                     0x0000121f   Thumb Code    14  dcmp.o(x$fpl$fcmp)
    __aeabi_d2ulz                            0x0000122d   Thumb Code     0  dfixull.o(x$fpl$llufromd)
    _ll_ufrom_d                              0x0000122d   Thumb Code   120  dfixull.o(x$fpl$llufromd)
    Region$$Table$$Base                      0x000012a4   Number         0  anon$$obj.o(Region$$Table)
    __I$use$fp                               0x000012a4   Number         0  usenofp.o(x$fpl$usenofp)
    Region$$Table$$Limit                     0x000012b4   Number         0  anon$$obj.o(Region$$Table)
    __ctype                                  0x000012c1   Data           0  lc_ctype_c.o(locale$$data)
    __libspace_start                         0x20000000   Data          96  libspace.o(.bss)
    __temporary_stack_top$libspace           0x20000060   Data           0  libspace.o(.bss)
    currDuty                                 0x20000060   Data           8  motors.o(.bss.currDuty)
    moveChoices                              0x20000068   Data        1020  main.o(.bss.moveChoices)



==============================================================================

Memory Map of the image

  Image Entry point : 0x0000026d

  Load Region LR_1 (Base: 0x00000000, Size: 0x000013c4, Max: 0xffffffff, ABSOLUTE)

    Execution Region ER_RO (Exec base: 0x00000000, Load base: 0x00000000, Size: 0x000013c4, Max: 0xffffffff, ABSOLUTE)

    Exec Addr    Load Addr    Size         Type   Attr      Idx    E Section Name        Object

    0x00000000   0x00000000   0x00000284   Code   RO            3  * RESET               startup.o
    0x00000284   0x00000284   0x00000008   Code   RO          119  * !!!main             c_w.l(__main.o)
    0x0000028c   0x0000028c   0x00000034   Code   RO          325    !!!scatter          c_w.l(__scatter.o)
    0x000002c0   0x000002c0   0x0000001c   Code   RO          327    !!handler_zi        c_w.l(__scatter_zi.o)
    0x000002dc   0x000002dc   0x00000002   Code   RO          190    .ARM.Collect$$libinit$$00000000  c_w.l(libinit.o)
    0x000002de   0x000002de   0x00000000   Code   RO          192    .ARM.Collect$$libinit$$00000002  c_w.l(libinit2.o)
    0x000002de   0x000002de   0x00000000   Code   RO          194    .ARM.Collect$$libinit$$00000004  c_w.l(libinit2.o)
    0x000002de   0x000002de   0x00000000   Code   RO          196    .ARM.Collect$$libinit$$00000006  c_w.l(libinit2.o)
    0x000002de   0x000002de   0x00000000   Code   RO          199    .ARM.Collect$$libinit$$0000000C  c_w.l(libinit2.o)
    0x000002de   0x000002de   0x00000000   Code   RO          201    .ARM.Collect$$libinit$$0000000E  c_w.l(libinit2.o)
    0x000002de   0x000002de   0x00000000   Code   RO          203    .ARM.Collect$$libinit$$00000010  c_w.l(libinit2.o)
    0x000002de   0x000002de   0x00000006   Code   RO          204    .ARM.Collect$$libinit$$00000011  c_w.l(libinit2.o)
    0x000002e4   0x000002e4   0x00000000   Code   RO          206    .ARM.Collect$$libinit$$00000013  c_w.l(libinit2.o)
    0x000002e4   0x000002e4   0x0000000c   Code   RO          207    .ARM.Collect$$libinit$$00000014  c_w.l(libinit2.o)
    0x000002f0   0x000002f0   0x00000000   Code   RO          208    .ARM.Collect$$libinit$$00000015  c_w.l(libinit2.o)
    0x000002f0   0x000002f0   0x00000000   Code   RO          210    .ARM.Collect$$libinit$$00000017  c_w.l(libinit2.o)
    0x000002f0   0x000002f0   0x00000000   Code   RO          212    .ARM.Collect$$libinit$$00000019  c_w.l(libinit2.o)
    0x000002f0   0x000002f0   0x00000000   Code   RO          214    .ARM.Collect$$libinit$$0000001B  c_w.l(libinit2.o)
    0x000002f0   0x000002f0   0x00000000   Code   RO          216    .ARM.Collect$$libinit$$0000001D  c_w.l(libinit2.o)
    0x000002f0   0x000002f0   0x00000000   Code   RO          218    .ARM.Collect$$libinit$$0000001F  c_w.l(libinit2.o)
    0x000002f0   0x000002f0   0x00000000   Code   RO          220    .ARM.Collect$$libinit$$00000021  c_w.l(libinit2.o)
    0x000002f0   0x000002f0   0x00000000   Code   RO          222    .ARM.Collect$$libinit$$00000023  c_w.l(libinit2.o)
    0x000002f0   0x000002f0   0x00000000   Code   RO          224    .ARM.Collect$$libinit$$00000025  c_w.l(libinit2.o)
    0x000002f0   0x000002f0   0x00000000   Code   RO          226    .ARM.Collect$$libinit$$00000027  c_w.l(libinit2.o)
    0x000002f0   0x000002f0   0x00000000   Code   RO          230    .ARM.Collect$$libinit$$0000002E  c_w.l(libinit2.o)
    0x000002f0   0x000002f0   0x00000000   Code   RO          232    .ARM.Collect$$libinit$$00000030  c_w.l(libinit2.o)
    0x000002f0   0x000002f0   0x00000000   Code   RO          234    .ARM.Collect$$libinit$$00000032  c_w.l(libinit2.o)
    0x000002f0   0x000002f0   0x00000000   Code   RO          236    .ARM.Collect$$libinit$$00000034  c_w.l(libinit2.o)
    0x000002f0   0x000002f0   0x00000002   Code   RO          237    .ARM.Collect$$libinit$$00000035  c_w.l(libinit2.o)
    0x000002f2   0x000002f2   0x00000002   Code   RO          271    .ARM.Collect$$libshutdown$$00000000  c_w.l(libshutdown.o)
    0x000002f4   0x000002f4   0x00000000   Code   RO          282    .ARM.Collect$$libshutdown$$00000002  c_w.l(libshutdown2.o)
    0x000002f4   0x000002f4   0x00000000   Code   RO          284    .ARM.Collect$$libshutdown$$00000004  c_w.l(libshutdown2.o)
    0x000002f4   0x000002f4   0x00000000   Code   RO          287    .ARM.Collect$$libshutdown$$00000007  c_w.l(libshutdown2.o)
    0x000002f4   0x000002f4   0x00000000   Code   RO          290    .ARM.Collect$$libshutdown$$0000000A  c_w.l(libshutdown2.o)
    0x000002f4   0x000002f4   0x00000000   Code   RO          292    .ARM.Collect$$libshutdown$$0000000C  c_w.l(libshutdown2.o)
    0x000002f4   0x000002f4   0x00000000   Code   RO          295    .ARM.Collect$$libshutdown$$0000000F  c_w.l(libshutdown2.o)
    0x000002f4   0x000002f4   0x00000002   Code   RO          296    .ARM.Collect$$libshutdown$$00000010  c_w.l(libshutdown2.o)
    0x000002f6   0x000002f6   0x00000000   Code   RO          137    .ARM.Collect$$rtentry$$00000000  c_w.l(__rtentry.o)
    0x000002f6   0x000002f6   0x00000000   Code   RO          152    .ARM.Collect$$rtentry$$00000002  c_w.l(__rtentry2.o)
    0x000002f6   0x000002f6   0x00000006   Code   RO          164    .ARM.Collect$$rtentry$$00000004  c_w.l(__rtentry4.o)
    0x000002fc   0x000002fc   0x00000000   Code   RO          154    .ARM.Collect$$rtentry$$00000009  c_w.l(__rtentry2.o)
    0x000002fc   0x000002fc   0x00000004   Code   RO          155    .ARM.Collect$$rtentry$$0000000A  c_w.l(__rtentry2.o)
    0x00000300   0x00000300   0x00000000   Code   RO          157    .ARM.Collect$$rtentry$$0000000C  c_w.l(__rtentry2.o)
    0x00000300   0x00000300   0x00000008   Code   RO          158    .ARM.Collect$$rtentry$$0000000D  c_w.l(__rtentry2.o)
    0x00000308   0x00000308   0x00000002   Code   RO          238    .ARM.Collect$$rtexit$$00000000  c_w.l(rtexit.o)
    0x0000030a   0x0000030a   0x00000000   Code   RO          245    .ARM.Collect$$rtexit$$00000002  c_w.l(rtexit2.o)
    0x0000030a   0x0000030a   0x00000004   Code   RO          246    .ARM.Collect$$rtexit$$00000003  c_w.l(rtexit2.o)
    0x0000030e   0x0000030e   0x00000006   Code   RO          247    .ARM.Collect$$rtexit$$00000004  c_w.l(rtexit2.o)
    0x00000314   0x00000314   0x00000030   Code   RO            4    .text               startup.o
    0x00000344   0x00000344   0x0000001a   Code   RO          115    .text               c_w.l(tolower.o)
    0x0000035e   0x0000035e   0x00000006   Code   RO          117    .text               c_w.l(heapauxi.o)
    0x00000364   0x00000364   0x00000010   Code   RO          138    .text               c_w.l(rt_ctype_table.o)
    0x00000374   0x00000374   0x00000008   Code   RO          169    .text               c_w.l(rt_locale_intlibspace.o)
    0x0000037c   0x0000037c   0x00000008   Code   RO          176    .text               c_w.l(libspace.o)
    0x00000384   0x00000384   0x0000004a   Code   RO          179    .text               c_w.l(sys_stackheap_outer.o)
    0x000003ce   0x000003ce   0x00000012   Code   RO          181    .text               c_w.l(exit.o)
    0x000003e0   0x000003e0   0x0000007c   Code   RO          183    .text               c_w.l(strcmpv7em.o)
    0x0000045c   0x0000045c   0x0000000c   Code   RO          257    .text               c_w.l(sys_exit.o)
    0x00000468   0x00000468   0x00000002   Code   RO          272    .text               c_w.l(use_no_semi.o)
    0x0000046a   0x0000046a   0x00000000   Code   RO          274    .text               c_w.l(indicate_semi.o)
    0x0000046a   0x0000046a   0x00000002   PAD
    0x0000046c   0x0000046c   0x0000000c   Code   RO           93    .text.Bluetooth_Init  bluetooth.o
    0x00000478   0x00000478   0x00000084   Code   RO           42    .text.DecrementSpeed  motors.o
    0x000004fc   0x000004fc   0x0000008c   Code   RO           40    .text.IncrementSpeed  motors.o
    0x00000588   0x00000588   0x00000002   Code   RO           17    .text.InvalidInput  main.o
    0x0000058a   0x0000058a   0x00000002   PAD
    0x0000058c   0x0000058c   0x000000a6   Code   RO           60    .text.LED_Init      led.o
    0x00000632   0x00000632   0x00000002   PAD
    0x00000634   0x00000634   0x000000d0   Code   RO           32    .text.LeftMotor_Init  motors.o
    0x00000704   0x00000704   0x0000007c   Code   RO           34    .text.MotorDirection_Init  motors.o
    0x00000780   0x00000780   0x00000020   Code   RO           28    .text.Motors_Init   motors.o
    0x000007a0   0x000007a0   0x00000032   Code   RO           70    .text.MoveBackward  move.o
    0x000007d2   0x000007d2   0x00000002   PAD
    0x000007d4   0x000007d4   0x00000032   Code   RO           68    .text.MoveForward   move.o
    0x00000806   0x00000806   0x00000002   PAD
    0x00000808   0x00000808   0x00000032   Code   RO           76    .text.MoveLeftTurn  move.o
    0x0000083a   0x0000083a   0x00000002   PAD
    0x0000083c   0x0000083c   0x00000032   Code   RO           78    .text.MoveRightTurn  move.o
    0x0000086e   0x0000086e   0x00000002   PAD
    0x00000870   0x00000870   0x00000026   Code   RO           84    .text.MoveStop      move.o
    0x00000896   0x00000896   0x00000002   PAD
    0x00000898   0x00000898   0x00000084   Code   RO           52    .text.PLL_Init      pll.o
    0x0000091c   0x0000091c   0x00000026   Code   RO           36    .text.PWM_Duty      motors.o
    0x00000942   0x00000942   0x00000002   PAD
    0x00000944   0x00000944   0x000000ea   Code   RO           30    .text.RightMotor_Init  motors.o
    0x00000a2e   0x00000a2e   0x00000002   PAD
    0x00000a30   0x00000a30   0x00000014   Code   RO           15    .text.System_Init   main.o
    0x00000a44   0x00000a44   0x00000002   Code   RO           95    .text.UART0_Init    bluetooth.o
    0x00000a46   0x00000a46   0x00000002   PAD
    0x00000a48   0x00000a48   0x00000024   Code   RO          103    .text.UART1_InChar  bluetooth.o
    0x00000a6c   0x00000a6c   0x000000a2   Code   RO           97    .text.UART1_Init    bluetooth.o
    0x00000b0e   0x00000b0e   0x00000002   PAD
    0x00000b10   0x00000b10   0x000000bc   Code   RO           13    .text.main          main.o
    0x00000bcc   0x00000bcc   0x0000002c   Code   RO          172    locale$$code        c_w.l(lc_ctype_c.o)
    0x00000bf8   0x00000bf8   0x00000150   Code   RO          121    x$fpl$dadd          fz_ws.l(daddsub_clz.o)
    0x00000d48   0x00000d48   0x00000018   Code   RO          174    x$fpl$dcmpinf       fz_ws.l(dcmpi.o)
    0x00000d60   0x00000d60   0x00000078   Code   RO          140    x$fpl$deqf          fz_ws.l(deqf.o)
    0x00000dd8   0x00000dd8   0x0000008a   Code   RO          134    x$fpl$dfltull       fz_ws.l(dfltll_clz.o)
    0x00000e62   0x00000e62   0x00000002   PAD
    0x00000e64   0x00000e64   0x00000078   Code   RO          142    x$fpl$dgeqf         fz_ws.l(dgeqf.o)
    0x00000edc   0x00000edc   0x00000078   Code   RO          144    x$fpl$dleqf         fz_ws.l(dleqf.o)
    0x00000f54   0x00000f54   0x0000009c   Code   RO          146    x$fpl$dnaninf       fz_ws.l(dnaninf.o)
    0x00000ff0   0x00000ff0   0x0000000c   Code   RO          148    x$fpl$dretinf       fz_ws.l(dretinf.o)
    0x00000ffc   0x00000ffc   0x000001dc   Code   RO          123    x$fpl$dsub          fz_ws.l(daddsub_clz.o)
    0x000011d8   0x000011d8   0x00000054   Code   RO          127    x$fpl$fcmp          fz_ws.l(dcmp.o)
    0x0000122c   0x0000122c   0x00000078   Code   RO          129    x$fpl$llufromd      fz_ws.l(dfixull.o)
    0x000012a4   0x000012a4   0x00000000   Code   RO          150    x$fpl$usenofp       fz_ws.l(usenofp.o)
    0x000012a4   0x000012a4   0x00000010   Data   RO          324    Region$$Table       anon$$obj.o
    0x000012b4   0x000012b4   0x00000110   Data   RO          171    locale$$data        c_w.l(lc_ctype_c.o)


    Execution Region ER_RW (Exec base: 0x20000000, Load base: 0x000013c4, Size: 0x00000000, Max: 0xffffffff, ABSOLUTE)

    **** No section assigned to this execution region ****


    Execution Region ER_ZI (Exec base: 0x20000000, Load base: 0x000013c4, Size: 0x00000868, Max: 0xffffffff, ABSOLUTE)

    Exec Addr    Load Addr    Size         Type   Attr      Idx    E Section Name        Object

    0x20000000        -       0x00000060   Zero   RW          177    .bss                c_w.l(libspace.o)
    0x20000060        -       0x00000008   Zero   RW           44    .bss.currDuty       motors.o
    0x20000068        -       0x000003fc   Zero   RW           19    .bss.moveChoices    main.o
    0x20000464   0x000013c4   0x00000004   PAD
    0x20000468        -       0x00000000   Zero   RW            2    HEAP                startup.o
    0x20000468        -       0x00000400   Zero   RW            1    STACK               startup.o


==============================================================================

Image component sizes


      Code (inc. data)   RO Data    RW Data    ZI Data      Debug   Object Name

       212          0          0          0          0       1138   bluetooth.o
       166          0          0          0          0        470   led.o
       210          0          0          0       1020        912   main.o
       908          0          0          0          8       1549   motors.o
       238          0          0          0          0       1133   move.o
       132          0          0          0          0        482   pll.o
       692        632          0          0       1024       1068   startup.o

    ----------------------------------------------------------------------
      2580        632         16          0       2056       6752   Object Totals
         0          0         16          0          0          0   (incl. Generated)
        22          0          0          0          4          0   (incl. Padding)

    ----------------------------------------------------------------------

      Code (inc. data)   RO Data    RW Data    ZI Data      Debug   Library Member Name

         8          0          0          0          0         68   __main.o
         0          0          0          0          0          0   __rtentry.o
        12          0          0          0          0          0   __rtentry2.o
         6          0          0          0          0          0   __rtentry4.o
        52          8          0          0          0          0   __scatter.o
        28          0          0          0          0          0   __scatter_zi.o
        18          0          0          0          0         80   exit.o
         6          0          0          0          0        152   heapauxi.o
         0          0          0          0          0          0   indicate_semi.o
        44         10        272          0          0         76   lc_ctype_c.o
         2          0          0          0          0          0   libinit.o
        20          0          0          0          0          0   libinit2.o
         2          0          0          0          0          0   libshutdown.o
         2          0          0          0          0          0   libshutdown2.o
         8          4          0          0         96         68   libspace.o
        16          4          0          0          0         76   rt_ctype_table.o
         8          4          0          0          0         68   rt_locale_intlibspace.o
         2          0          0          0          0          0   rtexit.o
        10          0          0          0          0          0   rtexit2.o
       124          0          0          0          0         88   strcmpv7em.o
        12          4          0          0          0         68   sys_exit.o
        74          0          0          0          0         80   sys_stackheap_outer.o
        26          0          0          0          0         76   tolower.o
         2          0          0          0          0         68   use_no_semi.o
       812         16          0          0          0        296   daddsub_clz.o
        84          0          0          0          0        196   dcmp.o
        24          0          0          0          0         68   dcmpi.o
       120          4          0          0          0         92   deqf.o
       120          4          0          0          0        104   dfixull.o
       138          0          0          0          0         84   dfltll_clz.o
       120          4          0          0          0         92   dgeqf.o
       120          4          0          0          0         92   dleqf.o
       156          4          0          0          0         92   dnaninf.o
        12          0          0          0          0         68   dretinf.o
         0          0          0          0          0          0   usenofp.o

    ----------------------------------------------------------------------
      2192         70        272          0         96       2152   Library Totals
         4          0          0          0          0          0   (incl. Padding)

    ----------------------------------------------------------------------

      Code (inc. data)   RO Data    RW Data    ZI Data      Debug   Library Name

       482         34        272          0         96        968   c_w.l
      1706         36          0          0          0       1184   fz_ws.l

    ----------------------------------------------------------------------
      2192         70        272          0         96       2152   Library Totals

    ----------------------------------------------------------------------

==============================================================================


      Code (inc. data)   RO Data    RW Data    ZI Data      Debug   

      4772        702        288          0       2152       7796   Grand Totals
      4772        702        288          0       2152       7796   ELF Image Totals
      4772        702        288          0          0          0   ROM Totals

==============================================================================

    Total RO  Size (Code + RO Data)                 5060 (   4.94kB)
    Total RW  Size (RW Data + ZI Data)              2152 (   2.10kB)
    Total ROM Size (Code + RO Data + RW Data)       5060 (   4.94kB)

==============================================================================

